// Jest Snapshot v1, https://goo.gl/fbAQLP

exports[`Loading does a snapshot test 1`] = `
.c1 {
  display: -webkit-box;
  display: -webkit-flex;
  display: -ms-flexbox;
  display: flex;
  -webkit-flex-direction: column;
  -ms-flex-direction: column;
  flex-direction: column;
  width: 100%;
  -webkit-flex: 0 0 auto;
  -ms-flex: 0 0 auto;
  flex: 0 0 auto;
  -webkit-align-items: center;
  -webkit-box-align: center;
  -ms-flex-align: center;
  align-items: center;
  -webkit-box-pack: center;
  -webkit-justify-content: center;
  -ms-flex-pack: center;
  justify-content: center;
}

.c2 {
  color: official;
  display: inline-block;
  position: relative;
  width: 4em;
  height: 4em;
}

.c2 > div {
  -webkit-transform-origin: 32px 32px;
  -ms-transform-origin: 32px 32px;
  transform-origin: 32px 32px;
  -webkit-animation: lds-spinner 1.2s linear infinite;
  animation: lds-spinner 1.2s linear infinite;
}

.c2 > div:after {
  content: " ";
  display: block;
  position: absolute;
  top: 3px;
  left: 29px;
  width: 3px;
  height: 14px;
  border-radius: 20%;
  background: #000000;
}

.c2 > div:nth-child(1) {
  -webkit-transform: rotate(0deg);
  -ms-transform: rotate(0deg);
  transform: rotate(0deg);
  -webkit-animation-delay: -1.1s;
  animation-delay: -1.1s;
}

.c2 > div:nth-child(2) {
  -webkit-transform: rotate(30deg);
  -ms-transform: rotate(30deg);
  transform: rotate(30deg);
  -webkit-animation-delay: -1s;
  animation-delay: -1s;
}

.c2 > div:nth-child(3) {
  -webkit-transform: rotate(60deg);
  -ms-transform: rotate(60deg);
  transform: rotate(60deg);
  -webkit-animation-delay: -0.9s;
  animation-delay: -0.9s;
}

.c2 > div:nth-child(4) {
  -webkit-transform: rotate(90deg);
  -ms-transform: rotate(90deg);
  transform: rotate(90deg);
  -webkit-animation-delay: -0.8s;
  animation-delay: -0.8s;
}

.c2 > div:nth-child(5) {
  -webkit-transform: rotate(120deg);
  -ms-transform: rotate(120deg);
  transform: rotate(120deg);
  -webkit-animation-delay: -0.7s;
  animation-delay: -0.7s;
}

.c2 > div:nth-child(6) {
  -webkit-transform: rotate(150deg);
  -ms-transform: rotate(150deg);
  transform: rotate(150deg);
  -webkit-animation-delay: -0.6s;
  animation-delay: -0.6s;
}

.c2 > div:nth-child(7) {
  -webkit-transform: rotate(180deg);
  -ms-transform: rotate(180deg);
  transform: rotate(180deg);
  -webkit-animation-delay: -0.5s;
  animation-delay: -0.5s;
}

.c2 > div:nth-child(8) {
  -webkit-transform: rotate(210deg);
  -ms-transform: rotate(210deg);
  transform: rotate(210deg);
  -webkit-animation-delay: -0.4s;
  animation-delay: -0.4s;
}

.c2 > div:nth-child(9) {
  -webkit-transform: rotate(240deg);
  -ms-transform: rotate(240deg);
  transform: rotate(240deg);
  -webkit-animation-delay: -0.3s;
  animation-delay: -0.3s;
}

.c2 > div:nth-child(10) {
  -webkit-transform: rotate(270deg);
  -ms-transform: rotate(270deg);
  transform: rotate(270deg);
  -webkit-animation-delay: -0.2s;
  animation-delay: -0.2s;
}

.c2 > div:nth-child(11) {
  -webkit-transform: rotate(300deg);
  -ms-transform: rotate(300deg);
  transform: rotate(300deg);
  -webkit-animation-delay: -0.1s;
  animation-delay: -0.1s;
}

.c2 > div:nth-child(12) {
  -webkit-transform: rotate(330deg);
  -ms-transform: rotate(330deg);
  transform: rotate(330deg);
  -webkit-animation-delay: 0s;
  animation-delay: 0s;
}

.c0 {
  margin-top: 70px;
}

@media (max-width:32em) {
  .c0 {
    margin-top: 140px;
    color: black;
  }
}

<ThemeProvider
  theme={
    Object {
      "colors": Object {
        "addOnTab": "#347CFF",
        "addToCart": "#347CFF",
        "addonBg": "#EEEEEE",
        "backgroundGrey": "#E6E6E6",
        "black": "#000000",
        "close": "red",
        "contextBackground": "#f0f0f3",
        "darkGrey": "#464646",
        "disableBackground": "#E4E4E4",
        "disableButton": "#D1D1D1",
        "error": "#cc0000",
        "footer": "#48a942",
        "glutenFree": "#8d7356",
        "healthy": "#359919",
        "hint": "#a6a6a6",
        "inputBottomBorder": "lightgray",
        "itemBorder": "lightgrey",
        "itemTile": "#3C474C0",
        "light": "white",
        "loader": "#ababab",
        "loginBackground": "#303030",
        "loginBoxColor": "#434149",
        "loginField": "#AAA7AC",
        "loginFormBackground": "#484848",
        "navigationMenu": "#48a942",
        "navigationMenuHover": "cornflowerblue",
        "new": "#ff6000",
        "open": "#48a942",
        "paymentSuccessTitle": "#505050",
        "placeHolder": "#909090",
        "primary": "#347CFF",
        "primaryButton": "#347CFF",
        "primaryText": "#383838",
        "secondaryText": "#a6a6a6",
        "spicy": "#ed1c24",
        "text": "black",
        "textGrey": "#505050",
        "tile": "#505050",
        "validationError": "#cc0000",
        "vegan": "#0d4a22",
        "vegetarian": "#0d4a22",
      },
      "fontFamily": "Roboto",
      "fontSize": Object {
        "lg": "1.8rem",
        "md": "1.3rem",
        "nm": "1rem",
        "sm": "0.75rem",
        "xl": "2.4rem",
      },
      "fontSizeFromProps": [Function],
      "mediaBreakpoints": Object {
        "desktop": [Function],
        "mobile": [Function],
        "tablet": [Function],
      },
      "nav": Object {
        "height": "70px",
      },
      "receiptFontFamily": "Roboto",
      "shadow": "#cfcfcf 0.1px 0.1px 3px 0px",
      "spacing": Object {
        "lg": "4em",
        "md": "2em",
        "nm": "1em",
        "none": "0em",
        "sm": "0.5em",
        "xl": "8em",
      },
    }
  }
>
  <Styled(_DefaultExportValue)>
    <_DefaultExportValue
      className="c0"
    >
      <styled.div>
        <div
          className="c1"
        >
          <styled.div
            bar-style={
              Object {
                "transformOrigin": "32px 32px",
              }
            }
            className="c0"
            content-style={
              Object {
                "background": "#000000",
                "borderRadius": "20%",
                "height": "14px",
                "left": "29px",
                "top": "3px",
                "width": "3px",
              }
            }
          >
            <div
              className="c0 c2"
            >
              <div
                aria-label="LOADING_TEXT"
                aria-live="polite"
                tabIndex={0}
              />
              <div />
              <div />
              <div />
              <div />
              <div />
              <div />
              <div />
              <div />
              <div />
              <div />
              <div />
            </div>
          </styled.div>
        </div>
      </styled.div>
    </_DefaultExportValue>
  </Styled(_DefaultExportValue)>
</ThemeProvider>
`;
