// Jest Snapshot v1, https://goo.gl/fbAQLP

exports[`SiteSelectList does a snapshot test 1`] = `
<ThemeProvider
  className="site-list"
  theme={
    Object {
      "colors": Object {
        "addOnTab": "#347CFF",
        "addToCart": "#347CFF",
        "addonBg": "#EEEEEE",
        "backgroundGrey": "#E6E6E6",
        "black": "#000000",
        "close": "red",
        "contextBackground": "#f0f0f3",
        "darkGrey": "#464646",
        "disableBackground": "#E4E4E4",
        "disableButton": "#D1D1D1",
        "error": "#cc0000",
        "footer": "#48a942",
        "glutenFree": "#8d7356",
        "healthy": "#359919",
        "hint": "#a6a6a6",
        "inputBottomBorder": "lightgray",
        "itemBorder": "lightgrey",
        "itemTile": "#3C474C0",
        "light": "white",
        "loader": "#ababab",
        "loginBackground": "#303030",
        "loginBoxColor": "#434149",
        "loginField": "#AAA7AC",
        "loginFormBackground": "#484848",
        "navigationMenu": "#48a942",
        "navigationMenuHover": "cornflowerblue",
        "new": "#ff6000",
        "open": "#48a942",
        "paymentSuccessTitle": "#505050",
        "placeHolder": "#909090",
        "primary": "#347CFF",
        "primaryButton": "#347CFF",
        "primaryText": "#383838",
        "secondaryText": "#a6a6a6",
        "spicy": "#ed1c24",
        "text": "black",
        "textGrey": "#505050",
        "tile": "#505050",
        "validationError": "#cc0000",
        "vegan": "#0d4a22",
        "vegetarian": "#0d4a22",
      },
      "fontFamily": "Roboto",
      "fontSize": Object {
        "lg": "1.8rem",
        "md": "1.3rem",
        "nm": "1rem",
        "sm": "0.75rem",
        "xl": "2.4rem",
      },
      "fontSizeFromProps": [Function],
      "mediaBreakpoints": Object {
        "desktop": [Function],
        "mobile": [Function],
        "tablet": [Function],
      },
      "nav": Object {
        "height": "70px",
      },
      "receiptFontFamily": "Roboto",
      "shadow": "#cfcfcf 0.1px 0.1px 3px 0px",
      "spacing": Object {
        "lg": "4em",
        "md": "2em",
        "nm": "1em",
        "none": "0em",
        "sm": "0.5em",
        "xl": "8em",
      },
    }
  }
>
  <Styled(Flex)
    className="site-list-container"
    m={
      Array [
        0,
        2,
      ]
    }
    p={
      Array [
        1,
        2,
        3,
        4,
      ]
    }
  >
    <Styled(Flex)
      aria-label="STORE_SELECTION 3 STORES_LABEL"
      className="site-list-container"
      tabIndex={0}
    >
       
      <SiteSelectCard
        ariaLabel="store1 This is a mock name"
        className="tile site-1"
        keyProps={
          Object {
            "address": Array [
              "1000, windward concourse",
              "alpharetta,GA, USA",
            ],
            "availableAt": Object {
              "availableNow": true,
              "closes": "5:00pm",
              "closingIn": 10,
              "opens": "9:00am",
            },
            "id": "1000",
            "image": "image.png",
            "name": "This is a mock name",
          }
        }
        selectSite={[Function]}
        tabIndex={0}
      />
      <SiteSelectCard
        ariaLabel="store2 This is a mock name"
        className="tile site-2"
        keyProps={
          Object {
            "address": Array [
              "3380-146th PI SE",
              "Believue,USA",
            ],
            "availableAt": Object {
              "availableNow": true,
              "closes": "5:00pm",
              "closingIn": 10,
              "opens": "9:00am",
            },
            "id": "1001",
            "image": "image.png",
            "name": "This is a mock name",
          }
        }
        selectSite={[Function]}
        tabIndex={0}
      />
      <SiteSelectCard
        ariaLabel="store3 This is a mock name"
        className="tile site-3"
        keyProps={
          Object {
            "address": Array [
              "6775, S Edmond st #100",
              "Lasvegas, USA",
            ],
            "availableAt": Object {
              "availableNow": true,
              "closes": "5:00pm",
              "closingIn": 10,
              "opens": "9:00am",
            },
            "id": "1002",
            "image": "image.png",
            "name": "This is a mock name",
          }
        }
        selectSite={[Function]}
        tabIndex={0}
      />
    </Styled(Flex)>
  </Styled(Flex)>
</ThemeProvider>
`;
