// Jest Snapshot v1, https://goo.gl/fbAQLP

exports[`ReadyTime does a snapshot test 1`] = `
.c1 {
  box-sizing: border-box;
}

.c0 {
  text-align: center;
}

.c0:focus {
  outline: none;
  box-shadow: none;
}

.c2 {
  margin-top: 3px;
}

<ThemeProvider
  theme={
    Object {
      "colors": Object {
        "addOnTab": "#347CFF",
        "addToCart": "#347CFF",
        "addonBg": "#EEEEEE",
        "backgroundGrey": "#E6E6E6",
        "black": "#000000",
        "close": "red",
        "contextBackground": "#f0f0f3",
        "darkGrey": "#464646",
        "disableBackground": "#E4E4E4",
        "disableButton": "#D1D1D1",
        "error": "#cc0000",
        "footer": "#48a942",
        "glutenFree": "#8d7356",
        "healthy": "#359919",
        "hint": "#a6a6a6",
        "inputBottomBorder": "lightgray",
        "itemBorder": "lightgrey",
        "itemTile": "#3C474C0",
        "light": "white",
        "loader": "#ababab",
        "loginBackground": "#303030",
        "loginBoxColor": "#434149",
        "loginField": "#AAA7AC",
        "loginFormBackground": "#484848",
        "navigationMenu": "#48a942",
        "navigationMenuHover": "cornflowerblue",
        "new": "#ff6000",
        "open": "#48a942",
        "paymentSuccessTitle": "#505050",
        "placeHolder": "#909090",
        "primary": "#347CFF",
        "primaryButton": "#347CFF",
        "primaryText": "#383838",
        "secondaryText": "#a6a6a6",
        "spicy": "#ed1c24",
        "text": "black",
        "textGrey": "#505050",
        "tile": "#505050",
        "validationError": "#cc0000",
        "vegan": "#0d4a22",
        "vegetarian": "#0d4a22",
      },
      "fontFamily": "Roboto",
      "fontSize": Object {
        "lg": "1.8rem",
        "md": "1.3rem",
        "nm": "1rem",
        "sm": "0.75rem",
        "xl": "2.4rem",
      },
      "fontSizeFromProps": [Function],
      "mediaBreakpoints": Object {
        "desktop": [Function],
        "mobile": [Function],
        "tablet": [Function],
      },
      "nav": Object {
        "height": "70px",
      },
      "receiptFontFamily": "Roboto",
      "shadow": "#cfcfcf 0.1px 0.1px 3px 0px",
      "spacing": Object {
        "lg": "4em",
        "md": "2em",
        "nm": "1em",
        "none": "0em",
        "sm": "0.5em",
        "xl": "8em",
      },
    }
  }
>
  <ReadyTime>
    <Styled(Box)
      aria-label="CART_READY_TEXT_ _ _"
      className="ready-time-container"
      tabIndex={0}
    >
      <Box
        aria-label="CART_READY_TEXT_ _ _"
        className="ready-time-container c0"
        tabIndex={0}
      >
        <div
          aria-label="CART_READY_TEXT_ _ _"
          className="ready-time-container c0 c1"
          tabIndex={0}
        >
          <Styled(Box)>
            <Box
              className=""
            >
              <div
                className="c1"
              >
                CART_READY_TEXT
              </div>
            </Box>
          </Styled(Box)>
          <Styled(Box)>
            <Box
              className="c2"
            >
              <div
                className="c2 c1"
              >
                <strong
                  className="ready-time"
                >
                  _ _ _
                </strong>
              </div>
            </Box>
          </Styled(Box)>
        </div>
      </Box>
    </Styled(Box)>
  </ReadyTime>
</ThemeProvider>
`;
