// Jest Snapshot v1, https://goo.gl/fbAQLP

exports[`ThrottleCapacityWindow does a snapshot test 1`] = `
<Flex
  id="throttle-modal"
  role="dialog"
>
  <Styled(Fixed)
    className="throttle-modal-background"
  />
  <Styled(Modal)
    className="throttle-modal-parent"
    onKeyDown={[Function]}
  >
    <Styled(Heading)
      aria-label="THROTTLING_MODAL_TITLE"
      className="modal-title"
      id="throttle-title"
      tabIndex={0}
    >
      <div
        i18nKey="THROTTLING_MODAL_TITLE"
      />
    </Styled(Heading)>
    <Styled(Text)
      aria-label="THROTTLING_MODAL_TEXT_OPTIONS"
      className="modal-text"
      tabIndex={0}
    >
      <div
        i18nKey="THROTTLING_MODAL_TEXT_OPTIONS"
      />
    </Styled(Text)>
    <Styled(Flex)
      className="throttle-capacity-radio-div"
      id="radiogroup"
    >
      <RadioButton
        capacityText={true}
        classDesc="undefined"
        className="undefined-radio"
        selected={false}
        selectedOption={[Function]}
        tabIndex={0}
      />
      <RadioButton
        capacityText={true}
        classDesc="undefined"
        className="undefined-radio"
        selected={false}
        selectedOption={[Function]}
        tabIndex={0}
      />
      <RadioButton
        capacityText={true}
        classDesc="undefined"
        className="undefined-radio"
        selected={false}
        selectedOption={[Function]}
        tabIndex={0}
      />
    </Styled(Flex)>
    <Styled(Flex)
      className="modal-footer"
    >
      <Styled(Component)
        aria-label="THROTTLING_MODAL_ACCEPT"
        onClick={[Function]}
        role="button"
        selectedoption={null}
        tabIndex={-1}
      >
        <div
          i18nKey="THROTTLING_MODAL_ACCEPT"
        />
      </Styled(Component)>
      <Styled(Component)
        aria-label="THROTTLING_MODAL_KEEP_TIME"
        onClick={[Function]}
        role="button"
        tabIndex={0}
      >
        <div
          i18nKey="THROTTLING_MODAL_KEEP_TIME"
        />
      </Styled(Component)>
    </Styled(Flex)>
    <Styled(Component)
      aria-label="EXIT_DIALOG"
      onClick={[Function]}
      role="button"
      tabIndex={0}
    >
      âœ•
    </Styled(Component)>
  </Styled(Modal)>
</Flex>
`;
