// Jest Snapshot v1, https://goo.gl/fbAQLP

exports[`CartNotification does a snapshot test 1`] = `""`;
