// Jest Snapshot v1, https://goo.gl/fbAQLP

exports[`Modal does a snapshot test 1`] = `<Fragment />`;
